Traceback (most recent call last):
  File "/Users/michael/Projects/Kalshi-Trader-Directional/new_data_aggregator.py", line 845, in <module>
    asyncio.run(main(ticker_schedule))
    ~~~~~~~~~~~^^^^^^^^^^^^^^^^^^^^^^^
  File "/opt/homebrew/Cellar/python@3.14/3.14.2/Frameworks/Python.framework/Versions/3.14/lib/python3.14/asyncio/runners.py", line 204, in run
    return runner.run(main)
           ~~~~~~~~~~^^^^^^
  File "/opt/homebrew/Cellar/python@3.14/3.14.2/Frameworks/Python.framework/Versions/3.14/lib/python3.14/asyncio/runners.py", line 127, in run
    return self._loop.run_until_complete(task)
           ~~~~~~~~~~~~~~~~~~~~~~~~~~~~~^^^^^^
  File "/opt/homebrew/Cellar/python@3.14/3.14.2/Frameworks/Python.framework/Versions/3.14/lib/python3.14/asyncio/base_events.py", line 719, in run_until_complete
    return future.result()
           ~~~~~~~~~~~~~^^
  File "/Users/michael/Projects/Kalshi-Trader-Directional/new_data_aggregator.py", line 807, in main
    await asyncio.gather(*ticker_tasks)
  File "/Users/michael/Projects/Kalshi-Trader-Directional/new_data_aggregator.py", line 693, in ticker_task
    open_ticker_csv(ticker)
    ~~~~~~~~~~~~~~~^^^^^^^^
  File "/Users/michael/Projects/Kalshi-Trader-Directional/new_data_aggregator.py", line 301, in open_ticker_csv
    fp = open(prices_dir / f"{ticker}.csv", "a", newline="")
OSError: [Errno 24] Too many open files: '/Users/michael/Projects/Kalshi-Market-Data/KXNCAAWBGAME/prices/KXNCAAWBGAME-26MAR21CBUUCLA-CBU.csv'
